// Jest Snapshot v1, https://goo.gl/fbAQLP

exports[`App Screen should renders \`App Screen\` module correctly 1`] = `ShallowWrapper {}`;

exports[`App Screen should renders correctly 1`] = `
<RCTSafeAreaView
  style={
    Array [
      Object {
        "backgroundColor": "rgba(248,248,255,1)",
        "flex": 1,
      },
      Object {
        "backgroundStyle": Object {
          "backgroundColor": "rgba(248,248,255,1)",
        },
      },
    ]
  }
>
  <View
    style={
      Array [
        Object {
          "backgroundColor": "rgba(248,248,255,1)",
          "flex": 1,
        },
        Object {
          "backgroundColor": "#FFF",
        },
      ]
    }
  >
    <RNCSafeAreaProvider
      onInsetsChange={[Function]}
      style={
        Array [
          Object {
            "flex": 1,
          },
          undefined,
        ]
      }
    >
      <RNSScreenStack
        style={
          Object {
            "flex": 1,
          }
        }
      >
        <RNSScreen
          collapsable={false}
          forwardedRef={[Function]}
          gestureResponseDistance={
            Object {
              "bottom": -1,
              "end": -1,
              "start": -1,
              "top": -1,
            }
          }
          nativeBackButtonDismissalEnabled={false}
          onAppear={[Function]}
          onDisappear={[Function]}
          onDismissed={[Function]}
          onHeaderBackButtonClicked={[Function]}
          onNativeDismissCancelled={[Function]}
          onTransitionProgress={[Function]}
          onWillDisappear={[Function]}
          replaceAnimation="push"
          stackPresentation="push"
          style={
            Object {
              "bottom": 0,
              "left": 0,
              "position": "absolute",
              "right": 0,
              "top": 0,
            }
          }
          swipeDirection="horizontal"
        >
          <RNSScreenStackHeaderConfig
            backButtonInCustomView={false}
            backgroundColor="rgb(255, 255, 255)"
            color="rgb(0, 122, 255)"
            direction="ltr"
            disableBackButtonMenu={false}
            hidden={true}
            hideBackButton={false}
            largeTitleHideShadow={false}
            title="owner"
            titleColor="rgb(28, 28, 30)"
            topInsetEnabled={false}
            translucent={false}
          />
          <View
            style={
              Object {
                "flex": 1,
                "flexDirection": "column-reverse",
              }
            }
          >
            <View
              style={
                Array [
                  Object {
                    "flex": 1,
                  },
                  Object {
                    "backgroundColor": "rgb(242, 242, 242)",
                  },
                  undefined,
                ]
              }
            />
          </View>
        </RNSScreen>
      </RNSScreenStack>
    </RNCSafeAreaProvider>
  </View>
</RCTSafeAreaView>
`;
